[split.com/index.html]
[backblue.gif]
[fade.gif]
[index.html]
[maxcdn.bootstrapcdn.com/bootstrap/3.3.6/css/bootstrap.min.css]
[maxcdn.bootstrapcdn.com/font-awesome/4.5.0/css/font-awesome.min.css]
[ajax.googleapis.com/ajax/libs/jquery/1.12.0/jquery.min.js]
[cdnjs.cloudflare.com/ajax/libs/jquery-validate/1.15.0/jquery.validate.min.js]
[split.com/js/typed.js]
[split.com/contactme/indexa520.html]
[connect.facebook.net/en_US/sdk.js]
[split.com/logos/split.com.png]
[split.com/images/lazy.png]
[split.com/index.html]
[maxcdn.bootstrapcdn.com/bootstrap/3.3.6/css/bootstrap.min.css]
[maxcdn.bootstrapcdn.com/font-awesome/4.5.0/css/font-awesome.min.css]
[www.statcounter.com/counter/counter.js]
[stackpath.bootstrapcdn.com/bootstrap/4.5.2/css/bootstrap.min.css]
[cdnjs.cloudflare.com/ajax/libs/animate.css/4.1.1/animate.min.css]
[split.com/images/icon-linkedin.png]
[split.com/contactme/indexa520.html]
[split.com/images/shell-loading.html]
[split.com/images/shell-loading-2.html]
[connect.facebook.net/en_US/sdk.js]
[stackpath.bootstrapcdn.com/bootstrap/4.5.2/css/bootstrap.min.css]
[cdnjs.cloudflare.com/ajax/libs/animate.css/4.1.1/animate.min.css]
